WARNING: This is a development server. Do not use it in a production deployment. Use a production WSGI server instead.
 * Running on all addresses (0.0.0.0)
 * Running on http://127.0.0.1:5789
 * Running on http://192.168.208.192:5789
Press CTRL+C to quit
127.0.0.1 - - [04/Sep/2026 11:23:22] "GET /healthz HTTP/1.1" 200 -
127.0.0.1 - - [04/Sep/2026 11:23:22] "GET /api/config HTTP/1.1" 200 -
127.0.0.1 - - [04/Sep/2026 11:23:22] "GET /static/card/Major/愚者.jpeg HTTP/1.1" 200 -
127.0.0.1 - - [04/Sep/2026 11:23:22] "GET /static/card/Minor/pentacles/星币三.jpeg HTTP/1.1" 200 -
127.0.0.1 - - [04/Sep/2026 11:23:22] "GET /static/card/Minor/cups/圣杯首牌.jpeg HTTP/1.1" 200 -
[2026-09-04 11:23:22,575] ERROR in app: Exception on / [GET]
Traceback (most recent call last):
  File "D:\liuwp\program\taluo\.venv\Lib\site-packages\flask\app.py", line 1511, in wsgi_app
    response = self.full_dispatch_request()
               ^^^^^^^^^^^^^^^^^^^^^^^^^^^^
  File "D:\liuwp\program\taluo\.venv\Lib\site-packages\flask\app.py", line 919, in full_dispatch_request
    rv = self.handle_user_exception(e)
         ^^^^^^^^^^^^^^^^^^^^^^^^^^^^^
  File "D:\liuwp\program\taluo\.venv\Lib\site-packages\flask\app.py", line 917, in full_dispatch_request
    rv = self.dispatch_request()
         ^^^^^^^^^^^^^^^^^^^^^^^
  File "D:\liuwp\program\taluo\.venv\Lib\site-packages\flask\app.py", line 902, in dispatch_request
    return self.ensure_sync(self.view_functions[rule.endpoint])(**view_args)  # type: ignore[no-any-return]
           ^^^^^^^^^^^^^^^^^^^^^^^^^^^^^^^^^^^^^^^^^^^^^^^^^^^^^^^^^^^^^^^^^
  File "D:\liuwp\program\taluo\app.py", line 142, in index
    return render_template("index.html")
           ^^^^^^^^^^^^^^^^^^^^^^^^^^^^^
  File "D:\liuwp\program\taluo\.venv\Lib\site-packages\flask\templating.py", line 151, in render_template
    return _render(app, template, context)
           ^^^^^^^^^^^^^^^^^^^^^^^^^^^^^^^
  File "D:\liuwp\program\taluo\.venv\Lib\site-packages\flask\templating.py", line 132, in _render
    rv = template.render(context)
         ^^^^^^^^^^^^^^^^^^^^^^^^
  File "D:\liuwp\program\taluo\.venv\Lib\site-packages\jinja2\environment.py", line 1295, in render
    self.environment.handle_exception()
  File "D:\liuwp\program\taluo\.venv\Lib\site-packages\jinja2\environment.py", line 942, in handle_exception
    raise rewrite_traceback_stack(source=source)
  File "D:\liuwp\program\taluo\templates\index.html", line 8, in top-level template code
    <link rel="stylesheet" href="{{ url_for('static', filename='css/app.css') }}" />
    ^^^^^^^^^^^^^^^^^^^^^^^^^
  File "D:\liuwp\program\taluo\.venv\Lib\site-packages\flask\app.py", line 1121, in url_for
    return self.handle_url_build_error(error, endpoint, values)
           ^^^^^^^^^^^^^^^^^^^^^^^^^^^^^^^^^^^^^^^^^^^^^^^^^^^^
  File "D:\liuwp\program\taluo\.venv\Lib\site-packages\flask\app.py", line 1110, in url_for
    rv = url_adapter.build(  # type: ignore[union-attr]
         ^^^^^^^^^^^^^^^^^^^^^^^^^^^^^^^^^^^^^^^^^^^^^^
  File "D:\liuwp\program\taluo\.venv\Lib\site-packages\werkzeug\routing\map.py", line 901, in build
    raise BuildError(endpoint, values, method, self)
werkzeug.routing.exceptions.BuildError: Could not build url for endpoint 'static' with values ['filename']. Did you mean 'api_config' instead?
127.0.0.1 - - [04/Sep/2026 11:23:22] "GET / HTTP/1.1" 500 -
